  0%|          | 0/2 [00:00<?, ?it/s] 50%|#####     | 1/2 [00:06<00:06,  6.98s/it]100%|##########| 2/2 [01:51<00:00, 64.08s/it]100%|##########| 2/2 [01:51<00:00, 55.52s/it]
  0%|          | 0/2 [00:00<?, ?it/s] 50%|#####     | 1/2 [00:07<00:07,  7.05s/it]100%|##########| 2/2 [01:49<00:00, 63.07s/it]100%|##########| 2/2 [01:49<00:00, 54.67s/it]
--- shared_network=False, p=0.999, mu_C=250 ---
     M   mu_c  Max. lyapunov exponent  Divergence measure
0  100  250.0               -0.003843              7000.0
1  100  250.0               -0.007706              7000.0
2  100  250.0               -0.005435              7000.0
3  100  250.0               -0.003894              7000.0
4  100  250.0               -0.006639              7000.0
5  250  250.0               -0.004594              7000.0
6  250  250.0               -0.003163              7000.0
7  250  250.0               -0.004536              7000.0
8  250  250.0               -0.003807              7000.0
9  250  250.0               -0.002273              7000.0
--- shared_network=True, p=0.999, mu_C=250 ---
     M   mu_c  Max. lyapunov exponent  Divergence measure
0  100  250.0               -0.006639              7000.0
1  100  250.0               -0.012621              7000.0
2  100  250.0               -0.003183              7000.0
3  100  250.0               -0.002210              7000.0
4  100  250.0               -0.001614              7000.0
5  250  250.0               -0.010754              7000.0
6  250  250.0               -0.003843              7000.0
7  250  250.0               -0.004447              7000.0
8  250  250.0               -0.008298              7000.0
9  250  250.0               -0.008300              7000.0
